// Jest Snapshot v1, https://goo.gl/fbAQLP

exports[`<allMedia/> renders correctly 1`] = `
<allMedia
  navigation={[MockFunction]}
  route={
    Object {
      "Movies": Array [
        Movie {
          "id": "616d9e5ed7e15f4acaf7dbd9",
          "length": "2:2:01",
          "title": "John Wick: Chapter 2",
          "warnings": Warnings {
            "warningsList": Array [
              Warning {
                "end_time": "0:40:57",
                "start_time": "0:40:33",
              },
              Warning {
                "end_time": "0:44:55",
                "start_time": "0:44:35",
              },
              Warning {
                "end_time": "1:3:59",
                "start_time": "1:3:42",
              },
              Warning {
                "end_time": "1:16:24",
                "start_time": "1:16:11",
              },
              Warning {
                "end_time": "1:24:52",
                "start_time": "1:24:35",
              },
              Warning {
                "end_time": "1:28:12",
                "start_time": "1:27:54",
              },
              Warning {
                "end_time": "1:34:52",
                "start_time": "1:34:27",
              },
              Warning {
                "end_time": "1:44:28",
                "start_time": "1:44:10",
              },
              Warning {
                "end_time": "1:50:03",
                "start_time": "1:49:43",
              },
              Warning {
                "end_time": "1:58:01",
                "start_time": "1:57:43",
              },
            ],
          },
        },
        Movie {
          "id": "61a0ef22452054bb4e975d6a",
          "length": "1:41:01",
          "title": "John Wick",
          "warnings": Warnings {
            "warningsList": Array [
              Warning {
                "end_time": "0:13:56",
                "start_time": "0:13:42",
              },
              Warning {
                "end_time": "0:14:38",
                "start_time": "0:14:16",
              },
              Warning {
                "end_time": "0:31:41",
                "start_time": "0:31:27",
              },
              Warning {
                "end_time": "0:50:34",
                "start_time": "0:50:17",
              },
              Warning {
                "end_time": "1:1:31",
                "start_time": "1:1:15",
              },
              Warning {
                "end_time": "1:5:12",
                "start_time": "1:4:53",
              },
              Warning {
                "end_time": "1:12:17",
                "start_time": "1:11:51",
              },
              Warning {
                "end_time": "1:18:08",
                "start_time": "1:17:53",
              },
              Warning {
                "end_time": "1:35:34",
                "start_time": "1:35:13",
              },
              Warning {
                "end_time": "1:39:25",
                "start_time": "1:39:6",
              },
              Warning {
                "end_time": "0:40:57",
                "start_time": "0:40:33",
              },
              Warning {
                "end_time": "0:44:55",
                "start_time": "0:44:35",
              },
              Warning {
                "end_time": "1:3:59",
                "start_time": "1:3:42",
              },
              Warning {
                "end_time": "1:16:24",
                "start_time": "1:16:11",
              },
              Warning {
                "end_time": "1:24:52",
                "start_time": "1:24:35",
              },
              Warning {
                "end_time": "1:28:12",
                "start_time": "1:27:54",
              },
              Warning {
                "end_time": "1:34:52",
                "start_time": "1:34:27",
              },
              Warning {
                "end_time": "1:44:28",
                "start_time": "1:44:10",
              },
              Warning {
                "end_time": "1:50:03",
                "start_time": "1:49:43",
              },
              Warning {
                "end_time": "1:58:01",
                "start_time": "1:57:43",
              },
            ],
          },
        },
        Movie {
          "id": "61a242b6e6efa052217ce167",
          "length": "1:52:49",
          "title": "Hitman",
          "warnings": Warnings {
            "warningsList": Array [
              Warning {
                "end_time": "0:30:04",
                "start_time": "0:30:50",
              },
              Warning {
                "end_time": "0:02:22",
                "start_time": "0:02:54",
              },
              Warning {
                "end_time": "0:06:41",
                "start_time": "0:07:04",
              },
            ],
          },
        },
        Movie {
          "id": "61a3c3dfb8214d9af1e44910",
          "length": "2:20:10",
          "title": "John Wick: chapter 3",
          "warnings": Warnings {
            "warningsList": Array [
              Warning {
                "end_time": "14:40:05",
                "start_time": "15:20:04",
              },
              Warning {
                "end_time": "13:40:01",
                "start_time": "13:10:44",
              },
            ],
          },
        },
      ],
      "Patient": "",
      "Patients": "",
      "User": Patient {
        "Address": Address {
          "address": "5 testing lane",
          "city": "liverpool",
          "postcode": "TR6 0GH",
        },
        "dob": "04-08-1998",
        "email": "test@gmail.com",
        "firstName": "Bob",
        "gender": "male",
        "password": "password",
        "practitionerId": "12345678",
        "seizureDetails": SeizureDetails {
          "MHIssues": Array [
            "Anxiety",
          ],
          "seizureFreq": "4",
          "seizureTriggers": Array [
            "Flashing lights",
          ],
          "seizureTypes": Array [
            "Absense Seizure",
          ],
          "yearsSuffered": "1",
        },
        "surname": "Bobby",
        "userType": "Patient",
        "user_id": "TESTId",
      },
    }
  }
/>
`;
