// Jest Snapshot v1, https://goo.gl/fbAQLP

exports[`<Home /> renders correctly with patient logged in 1`] = `
<RCTScrollView
  collapsable={false}
  onGestureHandlerEvent={[Function]}
  onGestureHandlerStateChange={[Function]}
>
  <View>
    <View
      style={
        Object {
          "alignItems": "center",
          "backgroundColor": "#42A5F5",
          "flex": 0,
          "flexDirection": "row",
          "height": 50,
          "justifyContent": "space-between",
          "marginBottom": 10,
          "marginTop": 0,
        }
      }
    >
      <View
        style={
          Object {
            "height": 40,
          }
        }
      >
        <View
          accessibilityRole="button"
          accessibilityState={Object {}}
          accessible={true}
          focusable={true}
          onClick={[Function]}
          onResponderGrant={[Function]}
          onResponderMove={[Function]}
          onResponderRelease={[Function]}
          onResponderTerminate={[Function]}
          onResponderTerminationRequest={[Function]}
          onStartShouldSetResponder={[Function]}
          style={
            Object {
              "opacity": 1,
            }
          }
        >
          <View
            style={
              Array [
                Object {},
              ]
            }
          >
            <Text
              style={
                Array [
                  Object {
                    "color": "#007AFF",
                    "fontSize": 18,
                    "margin": 8,
                    "textAlign": "center",
                  },
                ]
              }
            >
              Home
            </Text>
          </View>
        </View>
      </View>
      <View
        style={
          Object {
            "height": 40,
          }
        }
      >
        <View
          accessibilityRole="button"
          accessibilityState={Object {}}
          accessible={true}
          focusable={true}
          onClick={[Function]}
          onResponderGrant={[Function]}
          onResponderMove={[Function]}
          onResponderRelease={[Function]}
          onResponderTerminate={[Function]}
          onResponderTerminationRequest={[Function]}
          onStartShouldSetResponder={[Function]}
          style={
            Object {
              "opacity": 1,
            }
          }
        >
          <View
            style={
              Array [
                Object {},
              ]
            }
          >
            <Text
              style={
                Array [
                  Object {
                    "color": "#007AFF",
                    "fontSize": 18,
                    "margin": 8,
                    "textAlign": "center",
                  },
                ]
              }
            >
              Media
            </Text>
          </View>
        </View>
      </View>
      <View
        style={
          Object {
            "height": 40,
          }
        }
      >
        <View
          accessibilityRole="button"
          accessibilityState={Object {}}
          accessible={true}
          focusable={true}
          onClick={[Function]}
          onResponderGrant={[Function]}
          onResponderMove={[Function]}
          onResponderRelease={[Function]}
          onResponderTerminate={[Function]}
          onResponderTerminationRequest={[Function]}
          onStartShouldSetResponder={[Function]}
          style={
            Object {
              "opacity": 1,
            }
          }
        >
          <View
            style={
              Array [
                Object {},
              ]
            }
          >
            <Text
              style={
                Array [
                  Object {
                    "color": "#007AFF",
                    "fontSize": 18,
                    "margin": 8,
                    "textAlign": "center",
                  },
                ]
              }
            >
              Sign Out
            </Text>
          </View>
        </View>
      </View>
    </View>
    <View
      style={
        Object {
          "alignItems": "center",
          "backgroundColor": "yellow",
          "justifyContent": "center",
          "marginTop": 0,
        }
      }
    >
      <Text
        style={
          Object {
            "color": "black",
            "fontSize": 30,
            "textAlign": "center",
          }
        }
      >
        Home Screen
      </Text>
    </View>
    <View>
      <Text
        style={
          Object {
            "color": "black",
            "fontSize": 20,
            "marginLeft": 100,
            "textAlign": "left",
          }
        }
      >
        Personal Details:
      </Text>
      <View
        style={
          Object {
            "alignItems": "center",
            "backgroundColor": "white",
            "borderColor": "black",
            "borderWidth": 1,
            "flexDirection": "row",
            "justifyContent": "center",
            "margin": 10,
            "padding": 4,
            "width": undefined,
          }
        }
      >
        <View
          style={
            Object {
              "flex": 4,
            }
          }
        >
          <Text
            style={
              Object {
                "color": "grey",
                "fontSize": 12,
                "width": 80,
              }
            }
          >
            First Name: 
          </Text>
        </View>
        <View
          style={
            Object {
              "flex": 4,
            }
          }
        >
          <TextInput
            allowFontScaling={true}
            rejectResponderTermination={true}
            style={
              Object {
                "backgroundColor": "white",
                "borderRadius": 14,
                "fontSize": 14,
                "height": 30,
                "width": 85,
              }
            }
            underlineColorAndroid="transparent"
            value="Bob"
          />
        </View>
        <View
          style={
            Object {
              "flex": 4,
            }
          }
        >
          <Text
            style={
              Object {
                "color": "grey",
                "fontSize": 12,
                "width": 80,
              }
            }
          >
            Surname: 
          </Text>
        </View>
        <View
          style={
            Object {
              "flex": 4,
            }
          }
        >
          <TextInput
            allowFontScaling={true}
            rejectResponderTermination={true}
            style={
              Object {
                "backgroundColor": "white",
                "borderRadius": 14,
                "fontSize": 14,
                "height": 30,
                "width": 85,
              }
            }
            underlineColorAndroid="transparent"
            value="Bobby"
          />
        </View>
      </View>
      <View
        style={
          Object {
            "alignItems": "center",
            "backgroundColor": "white",
            "borderColor": "black",
            "borderWidth": 1,
            "flexDirection": "row",
            "justifyContent": "center",
            "margin": 10,
            "padding": 4,
            "width": undefined,
          }
        }
      >
        <View
          style={
            Object {
              "flex": 4,
            }
          }
        >
          <Text
            style={
              Object {
                "color": "grey",
                "fontSize": 12,
                "width": 80,
              }
            }
          >
            Gender: 
          </Text>
        </View>
        <View
          style={
            Object {
              "flex": 4,
            }
          }
        >
          <TextInput
            allowFontScaling={true}
            rejectResponderTermination={true}
            style={
              Object {
                "backgroundColor": "white",
                "borderRadius": 14,
                "fontSize": 14,
                "height": 30,
                "width": 85,
              }
            }
            underlineColorAndroid="transparent"
            value="male"
          />
        </View>
        <View
          style={
            Object {
              "flex": 4,
            }
          }
        >
          <Text
            style={
              Object {
                "color": "grey",
                "fontSize": 12,
                "width": 80,
              }
            }
          >
            Postcode: 
          </Text>
        </View>
        <View
          style={
            Object {
              "flex": 4,
            }
          }
        >
          <TextInput
            allowFontScaling={true}
            rejectResponderTermination={true}
            style={
              Object {
                "backgroundColor": "white",
                "borderRadius": 14,
                "fontSize": 14,
                "height": 30,
                "width": 85,
              }
            }
            underlineColorAndroid="transparent"
            value="TR6 0GH"
          />
        </View>
      </View>
      <View
        style={
          Object {
            "alignItems": "center",
            "backgroundColor": "white",
            "borderColor": "black",
            "borderWidth": 1,
            "flexDirection": "row",
            "justifyContent": "center",
            "margin": 10,
            "padding": 4,
            "width": undefined,
          }
        }
      >
        <View
          style={
            Object {
              "flex": 4,
            }
          }
        >
          <Text
            style={
              Object {
                "color": "grey",
                "fontSize": 12,
                "width": 80,
              }
            }
          >
            Email: 
          </Text>
        </View>
        <View
          style={
            Object {
              "flex": 4,
            }
          }
        >
          <TextInput
            allowFontScaling={true}
            rejectResponderTermination={true}
            style={
              Object {
                "backgroundColor": "white",
                "borderRadius": 14,
                "fontSize": 12,
                "height": 30,
                "padding": 8,
                "width": 150,
              }
            }
            underlineColorAndroid="transparent"
            value="test@gmail.com"
          />
        </View>
      </View>
      <View
        style={
          Object {
            "alignItems": "center",
            "backgroundColor": "white",
            "borderColor": "black",
            "borderWidth": 1,
            "flexDirection": "row",
            "justifyContent": "center",
            "margin": 10,
            "padding": 4,
            "width": undefined,
          }
        }
      >
        <View
          style={
            Object {
              "flex": 4,
            }
          }
        >
          <Text
            style={
              Object {
                "color": "grey",
                "fontSize": 12,
                "width": 80,
              }
            }
          >
            Date of birth : 
          </Text>
        </View>
        <View
          style={
            Object {
              "flex": 4,
            }
          }
        >
          <TextInput
            allowFontScaling={true}
            rejectResponderTermination={true}
            style={
              Object {
                "backgroundColor": "white",
                "borderRadius": 14,
                "fontSize": 12,
                "height": 30,
                "padding": 8,
                "width": 150,
              }
            }
            underlineColorAndroid="transparent"
            value="04-08-1998"
          />
        </View>
      </View>
      <View
        style={
          Object {
            "alignItems": "center",
            "backgroundColor": "white",
            "borderColor": "black",
            "borderWidth": 1,
            "flexDirection": "row",
            "justifyContent": "center",
            "margin": 10,
            "padding": 4,
            "width": undefined,
          }
        }
      >
        <View
          style={
            Object {
              "flex": 4,
            }
          }
        >
          <Text
            style={
              Object {
                "color": "grey",
                "fontSize": 12,
                "width": 80,
              }
            }
          >
            Address: 
          </Text>
        </View>
        <View
          style={
            Object {
              "flex": 4,
            }
          }
        >
          <TextInput
            allowFontScaling={true}
            rejectResponderTermination={true}
            style={
              Object {
                "backgroundColor": "white",
                "borderRadius": 14,
                "fontSize": 12,
                "height": 30,
                "padding": 8,
                "width": 150,
              }
            }
            underlineColorAndroid="transparent"
            value="5 testing lane"
          />
        </View>
      </View>
      <View
        style={
          Object {
            "alignItems": "center",
            "backgroundColor": "white",
            "borderColor": "black",
            "borderWidth": 1,
            "flexDirection": "row",
            "justifyContent": "center",
            "margin": 10,
            "padding": 4,
            "width": undefined,
          }
        }
      >
        <View
          style={
            Object {
              "flex": 4,
            }
          }
        >
          <Text
            style={
              Object {
                "color": "grey",
                "fontSize": 12,
                "width": 80,
              }
            }
          >
            City: 
          </Text>
        </View>
        <View
          style={
            Object {
              "flex": 4,
            }
          }
        >
          <TextInput
            allowFontScaling={true}
            placeholderTextColor="black"
            rejectResponderTermination={true}
            style={
              Object {
                "backgroundColor": "white",
                "borderRadius": 14,
                "fontSize": 12,
                "height": 30,
                "padding": 8,
                "width": 150,
              }
            }
            underlineColorAndroid="transparent"
            value="liverpool"
          />
        </View>
      </View>
      <View
        style={
          Object {
            "alignItems": "center",
            "flex": 1,
            "justifyContent": "center",
          }
        }
      >
        <View
          accessibilityRole="button"
          accessibilityState={Object {}}
          accessible={true}
          focusable={true}
          onClick={[Function]}
          onResponderGrant={[Function]}
          onResponderMove={[Function]}
          onResponderRelease={[Function]}
          onResponderTerminate={[Function]}
          onResponderTerminationRequest={[Function]}
          onStartShouldSetResponder={[Function]}
          style={
            Object {
              "opacity": 1,
            }
          }
        >
          <View
            style={
              Array [
                Object {},
              ]
            }
          >
            <Text
              style={
                Array [
                  Object {
                    "color": "#007AFF",
                    "fontSize": 18,
                    "margin": 8,
                    "textAlign": "center",
                  },
                ]
              }
            >
              Edit Personal Details
            </Text>
          </View>
        </View>
      </View>
      <View>
        <Text
          style={
            Object {
              "color": "black",
              "fontSize": 20,
              "marginLeft": 100,
              "textAlign": "left",
            }
          }
        >
          Seizure Details: 
        </Text>
        <View
          style={
            Object {
              "alignItems": "center",
              "backgroundColor": "white",
              "borderColor": "black",
              "borderWidth": 1,
              "flexDirection": "row",
              "justifyContent": "center",
              "margin": 10,
              "padding": 4,
              "width": undefined,
            }
          }
        >
          <View
            style={
              Object {
                "flex": 4,
              }
            }
          >
            <Text
              style={
                Object {
                  "color": "grey",
                  "fontSize": 12,
                  "width": 80,
                }
              }
            >
              Seizure Type(s): 
            </Text>
          </View>
          <View
            style={
              Object {
                "flex": 4,
              }
            }
          >
            <TextInput
              allowFontScaling={true}
              placeholder="Absense Seizure"
              placeholderTextColor="black"
              rejectResponderTermination={true}
              style={
                Object {
                  "backgroundColor": "white",
                  "borderRadius": 14,
                  "fontSize": 12,
                  "height": 30,
                  "padding": 8,
                  "width": 150,
                }
              }
              underlineColorAndroid="transparent"
            />
          </View>
        </View>
        <View
          style={
            Object {
              "alignItems": "center",
              "backgroundColor": "white",
              "borderColor": "black",
              "borderWidth": 1,
              "flexDirection": "row",
              "justifyContent": "center",
              "margin": 10,
              "padding": 4,
              "width": undefined,
            }
          }
        >
          <View
            style={
              Object {
                "flex": 4,
              }
            }
          >
            <Text
              style={
                Object {
                  "color": "grey",
                  "fontSize": 12,
                  "width": 80,
                }
              }
            >
              Years Suffered: 
            </Text>
          </View>
          <View
            style={
              Object {
                "flex": 4,
              }
            }
          >
            <TextInput
              allowFontScaling={true}
              placeholder="1"
              placeholderTextColor="black"
              rejectResponderTermination={true}
              style={
                Object {
                  "backgroundColor": "white",
                  "borderRadius": 14,
                  "fontSize": 14,
                  "height": 30,
                  "width": 85,
                }
              }
              underlineColorAndroid="transparent"
            />
          </View>
        </View>
        <View
          style={
            Object {
              "alignItems": "center",
              "backgroundColor": "white",
              "borderColor": "black",
              "borderWidth": 1,
              "flexDirection": "row",
              "justifyContent": "center",
              "margin": 10,
              "padding": 4,
              "width": undefined,
            }
          }
        >
          <View
            style={
              Object {
                "flex": 4,
              }
            }
          >
            <Text
              style={
                Object {
                  "color": "grey",
                  "fontSize": 12,
                  "width": 80,
                }
              }
            >
              Seizure Freq: 
            </Text>
          </View>
          <View
            style={
              Object {
                "flex": 4,
              }
            }
          >
            <TextInput
              allowFontScaling={true}
              placeholder="4"
              placeholderTextColor="black"
              rejectResponderTermination={true}
              style={
                Object {
                  "backgroundColor": "white",
                  "borderRadius": 14,
                  "fontSize": 14,
                  "height": 30,
                  "width": 85,
                }
              }
              underlineColorAndroid="transparent"
            />
          </View>
        </View>
        <View
          style={
            Object {
              "alignItems": "center",
              "backgroundColor": "white",
              "borderColor": "black",
              "borderWidth": 1,
              "flexDirection": "row",
              "justifyContent": "center",
              "margin": 10,
              "padding": 4,
              "width": undefined,
            }
          }
        >
          <View
            style={
              Object {
                "flex": 4,
              }
            }
          >
            <Text
              style={
                Object {
                  "color": "grey",
                  "fontSize": 12,
                  "width": 80,
                }
              }
            >
              Seizure Trigger(s) 
            </Text>
          </View>
          <View
            style={
              Object {
                "flex": 4,
              }
            }
          >
            <TextInput
              allowFontScaling={true}
              placeholder="Flashing lights"
              placeholderTextColor="black"
              rejectResponderTermination={true}
              style={
                Object {
                  "backgroundColor": "white",
                  "borderRadius": 14,
                  "fontSize": 12,
                  "height": 30,
                  "padding": 8,
                  "width": 150,
                }
              }
              underlineColorAndroid="transparent"
            />
          </View>
        </View>
        <View
          style={
            Object {
              "alignItems": "center",
              "backgroundColor": "white",
              "borderColor": "black",
              "borderWidth": 1,
              "flexDirection": "row",
              "justifyContent": "center",
              "margin": 10,
              "padding": 4,
              "width": undefined,
            }
          }
        >
          <View
            style={
              Object {
                "flex": 4,
              }
            }
          >
            <Text
              style={
                Object {
                  "color": "grey",
                  "fontSize": 12,
                  "width": 80,
                }
              }
            >
              Mental Health issue(s) 
            </Text>
          </View>
          <View
            style={
              Object {
                "flex": 4,
              }
            }
          >
            <TextInput
              allowFontScaling={true}
              placeholder="Anxiety"
              placeholderTextColor="black"
              rejectResponderTermination={true}
              style={
                Object {
                  "backgroundColor": "white",
                  "borderRadius": 14,
                  "fontSize": 12,
                  "height": 30,
                  "padding": 8,
                  "width": 150,
                }
              }
              underlineColorAndroid="transparent"
            />
          </View>
        </View>
      </View>
    </View>
  </View>
</RCTScrollView>
`;
