// Jest Snapshot v1, https://goo.gl/fbAQLP

exports[`<App /> renders correctly 1`] = `
<RNCSafeAreaProvider
  onInsetsChange={[Function]}
  style={
    Array [
      Object {
        "flex": 1,
      },
      undefined,
    ]
  }
>
  <RNSScreenStack
    style={
      Object {
        "flex": 1,
      }
    }
  >
    <RNSScreen
      forwardedRef={[Function]}
      onAppear={[Function]}
      onDisappear={[Function]}
      onDismissed={[Function]}
      onWillDisappear={[Function]}
      replaceAnimation="push"
      stackPresentation="push"
      style={
        Object {
          "bottom": 0,
          "left": 0,
          "position": "absolute",
          "right": 0,
          "top": 0,
        }
      }
    >
      <RNSScreenStackHeaderConfig
        backButtonInCustomView={false}
        backgroundColor="rgb(255, 255, 255)"
        color="rgb(0, 122, 255)"
        direction="ltr"
        disableBackButtonMenu={false}
        hidden={false}
        hideBackButton={false}
        hideShadow={false}
        largeTitleHideShadow={false}
        title="Login"
        titleColor="rgb(28, 28, 30)"
        topInsetEnabled={false}
        translucent={false}
      />
      <View
        style={
          Array [
            Object {
              "flex": 1,
            },
            Object {
              "backgroundColor": "rgb(242, 242, 242)",
            },
            undefined,
          ]
        }
      >
        <View
          style={
            Object {
              "alignItems": "center",
              "flex": 1,
              "marginTop": 100,
            }
          }
        >
          <Text
            style={
              Object {
                "fontSize": 20,
                "height": 50,
                "marginBottom": 20,
                "padding": 10,
              }
            }
          >
            WCFB Epilepsy App Login
          </Text>
          <View
            style={
              Object {
                "alignItems": "center",
                "backgroundColor": "#3399ff",
                "borderRadius": 30,
                "height": 45,
                "marginBottom": 20,
                "width": "70%",
              }
            }
          >
            <TextInput
              allowFontScaling={true}
              autoCapitalize="none"
              onChangeText={[Function]}
              placeholder="Email"
              placeholderTextColor="white"
              rejectResponderTermination={true}
              style={
                Object {
                  "color": "white",
                  "flex": 1,
                  "height": 50,
                  "marginLeft": 20,
                  "padding": 10,
                }
              }
              underlineColorAndroid="transparent"
              value=""
            />
          </View>
          <View
            style={
              Object {
                "alignItems": "center",
                "backgroundColor": "#3399ff",
                "borderRadius": 30,
                "height": 45,
                "marginBottom": 20,
                "width": "70%",
              }
            }
          >
            <TextInput
              allowFontScaling={true}
              autoCapitalize="none"
              onChangeText={[Function]}
              placeholder="Password"
              placeholderTextColor="white"
              rejectResponderTermination={true}
              secureTextEntry={true}
              style={
                Object {
                  "color": "white",
                  "flex": 1,
                  "height": 50,
                  "marginLeft": 20,
                  "padding": 10,
                }
              }
              underlineColorAndroid="transparent"
              value=""
            />
          </View>
          <View
            accessible={true}
            focusable={true}
            onClick={[Function]}
            onResponderGrant={[Function]}
            onResponderMove={[Function]}
            onResponderRelease={[Function]}
            onResponderTerminate={[Function]}
            onResponderTerminationRequest={[Function]}
            onStartShouldSetResponder={[Function]}
            style={
              Object {
                "alignItems": "center",
                "backgroundColor": "#42A5F5",
                "borderRadius": 25,
                "height": 50,
                "justifyContent": "center",
                "marginTop": 40,
                "opacity": 1,
                "width": "80%",
              }
            }
          >
            <Text
              style={
                Object {
                  "color": "white",
                }
              }
            >
              LOGIN
            </Text>
          </View>
        </View>
      </View>
    </RNSScreen>
  </RNSScreenStack>
</RNCSafeAreaProvider>
`;
